// 重构日志: a1a13b13
// 重构日志: 309f5457
// 重构日志: d51ea7ce
// 重构日志: dc964492
// 重构日志: 602e1a70
// 重构日志: 793ed8e2
// 重构日志: 8837df33
// 同步 ID: 527b17b4 @ Mon Jul 20 01:25:37 UTC 2026
// 同步 ID: 4e6520b8 @ Tue Jul 21 13:04:26 UTC 2026
// 同步 ID: 3124e11d @ Tue Jul 21 16:21:48 UTC 2026
// 重构日志: 56acb2a9
// 重构日志: 27f48dca
// 同步 ID: 4ce2cba4 @ Sat Jul 25 17:19:25 UTC 2026
// 重构日志: 4245a95f
// 重构日志: a89555f0
// 同步 ID: 2d013aeb @ Mon Jul 27 16:03:06 UTC 2026
// 同步 ID: 240eda19 @ Wed Jul 29 05:24:15 UTC 2026
// 重构日志: b2c8ef10
// 同步 ID: e522ab9b @ Wed Jul 29 17:16:10 UTC 2026
// 同步 ID: 5f272ac4 @ Wed Jul 29 21:37:48 UTC 2026
// 重构日志: 960c8777
// 同步 ID: 3aa890c7 @ Thu Jul 30 15:32:03 UTC 2026
// 同步 ID: 9196d7b3 @ Fri Jul 31 14:03:01 UTC 2026
// 同步 ID: f97b4281 @ Sat Aug  1 14:39:02 UTC 2026
// 同步 ID: dafe6233 @ Sat Aug  1 18:26:12 UTC 2026
// 同步 ID: 45557d76 @ Sun Aug  2 12:00:12 UTC 2026
// 同步 ID: 21ab4bb8 @ Sun Aug  2 14:41:52 UTC 2026
// 重构日志: 40ed9220
// 重构日志: af11d204
// 同步 ID: 42839132 @ Wed Aug  5 13:50:29 UTC 2026
